
========= 0xbdfa4f4492dd7b7cf211209c4791af8d52bf5c50 =========
  borderline top: $84k / 75% / 6fpc / 21h
  outcome fills (30d): 140  distinct coins: 12
  cadence:   median inter-fill =     60.4s   p95 =  96777.3s
  notional:  median $        237   max $      100,315
  per-coin:  median fills/coin = 6.0   median holding = 20.8h   median open notional $ 237
  settled:   8 fills with closedPnl != 0  (2 at px=0 → likely settlement dust)
             wins 6 (median $5143)  losses 2 (median $-5150)
  PROFILE: mixed  (mm_score 1/3)

========= 0x224d6f8b2d6510ca76ef9a747733077b25b3f59f =========
  borderline: $32k / 100% / 5.5fpc / 44h
  outcome fills (30d): 11  distinct coins: 2
  cadence:   median inter-fill =     40.8s   p95 = 251257.7s
  notional:  median $      6,224   max $       36,634
  per-coin:  median fills/coin = 5.5   median holding = 43.9h   median open notional $ 3,629
  settled:   6 fills with closedPnl != 0  (0 at px=0 → likely settlement dust)
             wins 6 (median $2406)  losses 0 (median $0)
  PROFILE: leaning MM  (mm_score 2/3)

========= 0x166866a2845506f6b4c817482fe53b4985882ea6 =========
  borderline: $28k / 71% / 6fpc / 20h
  outcome fills (30d): 54  distinct coins: 6
  cadence:   median inter-fill =    339.1s   p95 = 256230.4s
  notional:  median $        128   max $       56,080
  per-coin:  median fills/coin = 6.0   median holding = 19.8h   median open notional $ 89
  settled:   7 fills with closedPnl != 0  (2 at px=0 → likely settlement dust)
             wins 5 (median $1718)  losses 2 (median $-2027)
  PROFILE: mixed  (mm_score 1/3)

========= 0xf212ba250bd0939d60532141da56329f8524ba67 =========
  borderline: $10k / 100% / 8fpc / 9h / $2.9k med
  outcome fills (30d): 8  distinct coins: 1
  cadence:   median inter-fill =    689.9s   p95 =  26707.8s
  notional:  median $      2,892   max $       15,878
  per-coin:  median fills/coin = 8.0   median holding = 9.2h   median open notional $ 4,699
  settled:   5 fills with closedPnl != 0  (0 at px=0 → likely settlement dust)
             wins 5 (median $676)  losses 0 (median $0)
  PROFILE: mixed  (mm_score 1/3)

========= 0x569870903c3ef9768427135f907cb80376d1a3e0 =========
  strict pass: $38k / 100% / 4fpc / 124h / huge med
  outcome fills (30d): 4  distinct coins: 1
  cadence:   median inter-fill =      6.2s   p95 = 444876.0s
  notional:  median $     49,820   max $      138,888
  per-coin:  median fills/coin = 4.0   median holding = 123.6h   median open notional $ 71,798
  settled:   1 fills with closedPnl != 0  (0 at px=0 → likely settlement dust)
             wins 1 (median $38889)  losses 0 (median $0)
  PROFILE: mixed  (mm_score 1/3)
